// Jest Snapshot v1, https://goo.gl/fbAQLP

exports[`StarDetailView snapshot renders correctly 1`] = `
<div
  className="container px-lg-5"
>
  <h4
    className="text-secondary mt-1 mb-0"
  >
    Star Profile
  </h4>
  <div
    className="row mx-lg-n5"
  >
    <div
      className="col py-3 px-lg-5 border bg-warning font-weight-bold"
    >
      Description
    </div>
    <div
      className="col py-3 px-lg-5 border bg-warning font-weight-bold"
    >
      Details
    </div>
  </div>
  <div
    className="row mx-lg-n5"
  >
    <div
      className="col py-3 px-lg-5 border bg-light text-muted"
    >
      Name:
    </div>
    <div
      className="col py-3 px-lg-5 border bg-light"
    />
  </div>
  <div
    className="row mx-lg-n5"
  >
    <div
      className="col py-3 px-lg-5 border bg-light text-muted"
    >
      Height:
    </div>
    <div
      className="col py-3 px-lg-5 border bg-light"
    />
  </div>
  <div
    className="row mx-lg-n5"
  >
    <div
      className="col py-3 px-lg-5 border bg-light text-muted"
    >
      Mass:
    </div>
    <div
      className="col py-3 px-lg-5 border bg-light"
    />
  </div>
  <div
    className="row mx-lg-n5"
  >
    <div
      className="col py-3 px-lg-5 border bg-light text-muted"
    >
      Gender:
    </div>
    <div
      className="col py-3 px-lg-5 border bg-light"
    />
  </div>
  <div
    className="row mx-lg-n5"
  >
    <div
      className="col py-3 px-lg-5 border bg-light text-muted"
    >
      Homeworld:
    </div>
    <div
      className="col py-3 px-lg-5 border bg-light"
    >
      <a
        rel="noreferrer"
        target="_blank"
      />
    </div>
  </div>
</div>
`;
