// Jest Snapshot v1, https://goo.gl/fbAQLP

exports[`SwapiMenuView snapshot renders correctly 1`] = `
<div
  className="mb-0"
>
  <div
    className="d-inline p-1 bg-light text-white"
  >
    <form
      class="form-inline my-2 my-lg-0"
    >
      <input
        className="border border-info rounded w-25 text-muted text-center"
        onChange={[Function]}
        placeholder="Search"
        type="text"
      />
      <button
        className="border border-info rounded bg-primary m-1"
        type="button"
      >
        <i
          className="bi bi-search text-white"
        />
      </button>
    </form>
  </div>
</div>
`;
